ncverilog(64): 15.20-s084: (c) Copyright 1995-2020 Cadence Design Systems, Inc.
TOOL:	ncverilog	15.20-s084: Started on Nov 16, 2025 at 23:10:26 CST
ncverilog
	tb.v
	huffman.v
	-sv
	+define+tb1
	+access+wrc
Recompiling... reason: file './tb.v' is newer than expected.
	expected: Sun Nov 16 22:56:08 2025
	actual:   Sun Nov 16 23:10:24 2025
file: tb.v
`define tb1
           |
ncvlog: *W,MACNDF (tb.v,7|11): The text macro 'tb1' has also been defined on the command line using the -DEFINE command line option.  The compiler will ignore the definition found in the Verilog source code.
	module worklib.tb:v
		errors: 0, warnings: 0
	Total errors/warnings found outside modules and primitives:
		errors: 0, warnings: 1
		Caching library 'worklib' ....... Done
	Elaborating the design hierarchy:
ncelab: *W,DSEMEL: This SystemVerilog design will be simulated as per IEEE 1800-2009 SystemVerilog simulation semantics. Use -disable_sem2009 option for turning off SV 2009 simulation semantics.
	Building instance overlay tables: .................... Done
	Generating native compiled code:
		worklib.tb:v <0x6f1e46a2>
			streams:  23, words: 19648
	Building instance specific data structures.
	Loading native compiled code:     .................... Done
	Design hierarchy summary:
		                  Instances  Unique
		Modules:                  2       2
		Registers:               23      23
		Scalar wires:             5       -
		Vectored wires:          27       -
		Always blocks:            8       8
		Initial blocks:           7       7
		Cont. assignments:       25      26
		Pseudo assignments:       4       4
		Simulation timescale:  10ps
	Writing initial simulation snapshot: worklib.tb:v
Loading snapshot worklib.tb:v .................... Done
ncsim: *W,DSEM2009: This SystemVerilog design is simulated as per IEEE 1800-2009 SystemVerilog simulation semantics. Use -disable_sem2009 option for turning off SV 2009 simulation semantics.
*Verdi* Loading libsscore_ius152.so
ncsim> source /usr/cad/cadence/INCISIV/INCISIVE_15.20.084/tools/inca/files/ncsimrc
ncsim> run
FSDB Dumper for IUS, Release Verdi_Q-2020.03, Linux x86_64/64bit, 02/09/2020
(C) 1996 - 2020 by Synopsys, Inc.
*Verdi* FSDB WARNING: The FSDB file already exists. Overwriting the FSDB file may crash the programs that are using this file.
*Verdi* : Create FSDB file 'huffman.fsdb'
*Verdi* : Begin traversing the scope (tb), layer (0).
*Verdi* : Enable +mda dumping.
*Verdi* : End of traversing.
./pattern1.dat and ./golden1.dat were used for this simulation.
Check CNT : PASS
Check HC : ERROR
Check M : ERROR
Simulation stop here.
Simulation complete via $finish(1) at time 1430 NS + 0
./tb.v:154                  $finish;
ncsim> exit
TOOL:	ncverilog	15.20-s084: Exiting on Nov 16, 2025 at 23:10:26 CST  (total: 00:00:00)
