ncsim(64) 15.20-s084
Linux 3.10.0-1160.el7.x86_64 #1 SMP Mon Oct 19 16:18:59 UTC 2020 x86_64
CPU cores: 40
Limit information:
======================================
cputime			unlimited
filesize		unlimited
datasize		unlimited
stacksize		8192 kbytes
coredumpsize	0 kbytes
memoryuse		unlimited
vmemoryuse		unlimited
descriptors		4096
memorylocked	64 kbytes
maxproc			4096
======================================
(Special)Runtime environment variables:

Runtime environment variables:
SYNOPSYS_LC_ROOT=/cad/synopsys/lc/cur
MANPATH=/opt/rh/devtoolset-11/root/usr/share/man:/opt/rh/devtoolset-11/root/usr/share/man:/opt/rh/devtoolset-11/root/usr/share/man:/opt/rh/devtoolset-11/root/usr/share/man:/usr/cad/synopsys/synthesis/2020.09//doc/syn/man:/usr/cad/synopsys/vcs/2020.03//doc/man
XDG_SESSION_ID=c9
SSH_AGENT_PID=37178
HOSTNAME=vlsiws
IMSETTINGS_INTEGRATE_DESKTOP=yes
XRDP_SOCKET_PATH=/run/xrdp
HOST=vlsiws
VTE_VERSION=5204
XDG_MENU_PREFIX=gnome-
SHELL=/bin/bash
TERM=xterm-256color
HISTSIZE=1000
GNOME_TERMINAL_SCREEN=/org/gnome/Terminal/screen/49de3b2d_1c9d_46d1_9832_bcda94cd0941
QTDIR=/usr/lib64/qt-3.3
QTINC=/usr/lib64/qt-3.3/include
QT_GRAPHICSSYSTEM_CHECKED=1
IMSETTINGS_MODULE=none
GROUP=local_users
PCP_DIR=/opt/rh/devtoolset-11/root
USER=siang
LS_COLORS=rs=0:di=38;5;27:ln=38;5;51:mh=44;38;5;15:pi=40;38;5;11:so=38;5;13:do=38;5;5:bd=48;5;232;38;5;11:cd=48;5;232;38;5;3:or=48;5;232;38;5;9:mi=05;48;5;232;38;5;15:su=48;5;196;38;5;15:sg=48;5;11;38;5;16:ca=48;5;196;38;5;226:tw=48;5;10;38;5;16:ow=48;5;10;38;5;21:st=48;5;21;38;5;15:ex=38;5;34:*.tar=38;5;9:*.tgz=38;5;9:*.arc=38;5;9:*.arj=38;5;9:*.taz=38;5;9:*.lha=38;5;9:*.lz4=38;5;9:*.lzh=38;5;9:*.lzma=38;5;9:*.tlz=38;5;9:*.txz=38;5;9:*.tzo=38;5;9:*.t7z=38;5;9:*.zip=38;5;9:*.z=38;5;9:*.Z=38;5;9:*.dz=38;5;9:*.gz=38;5;9:*.lrz=38;5;9:*.lz=38;5;9:*.lzo=38;5;9:*.xz=38;5;9:*.bz2=38;5;9:*.bz=38;5;9:*.tbz=38;5;9:*.tbz2=38;5;9:*.tz=38;5;9:*.deb=38;5;9:*.rpm=38;5;9:*.jar=38;5;9:*.war=38;5;9:*.ear=38;5;9:*.sar=38;5;9:*.rar=38;5;9:*.alz=38;5;9:*.ace=38;5;9:*.zoo=38;5;9:*.cpio=38;5;9:*.7z=38;5;9:*.rz=38;5;9:*.cab=38;5;9:*.jpg=38;5;13:*.jpeg=38;5;13:*.gif=38;5;13:*.bmp=38;5;13:*.pbm=38;5;13:*.pgm=38;5;13:*.ppm=38;5;13:*.tga=38;5;13:*.xbm=38;5;13:*.xpm=38;5;13:*.tif=38;5;13:*.tiff=38;5;13:*.png=38;5;13:*.svg=38;5;13:*.svgz=38;5;13:*.mng=38;5;13:*.pcx=38;5;13:*.mov=38;5;13:*.mpg=38;5;13:*.mpeg=38;5;13:*.m2v=38;5;13:*.mkv=38;5;13:*.webm=38;5;13:*.ogm=38;5;13:*.mp4=38;5;13:*.m4v=38;5;13:*.mp4v=38;5;13:*.vob=38;5;13:*.qt=38;5;13:*.nuv=38;5;13:*.wmv=38;5;13:*.asf=38;5;13:*.rm=38;5;13:*.rmvb=38;5;13:*.flc=38;5;13:*.avi=38;5;13:*.fli=38;5;13:*.flv=38;5;13:*.gl=38;5;13:*.dl=38;5;13:*.xcf=38;5;13:*.xwd=38;5;13:*.yuv=38;5;13:*.cgm=38;5;13:*.emf=38;5;13:*.axv=38;5;13:*.anx=38;5;13:*.ogv=38;5;13:*.ogx=38;5;13:*.aac=38;5;45:*.au=38;5;45:*.flac=38;5;45:*.mid=38;5;45:*.midi=38;5;45:*.mka=38;5;45:*.mp3=38;5;45:*.mpc=38;5;45:*.ogg=38;5;45:*.ra=38;5;45:*.wav=38;5;45:*.axa=38;5;45:*.oga=38;5;45:*.spx=38;5;45:*.xspf=38;5;45:
LD_LIBRARY_PATH=/usr/cad/synopsys/verdi/cur/etc/lib/libstdc++/LINUX64/:/usr/cad/synopsys/verdi/cur/share/PLI/IUS/LINUX64/://usr/cad/cadence/INNOVUS/INNOVUS_21.17.000/tools/lib/64bit:/usr/cad/cadence/INNOVUS/INNOVUS_21.17.000/tools/lib64:/usr/cad/cadence/INNOVUS/INNOVUS_21.17.000/tools/lib:::::/usr/cad/synopsys/verdi/cur/share/PLI/VCS/LINUX64::/lib64:/usr/lib64:/usr/local/lib64::/usr/cad/synopsys/verdi/2020.03//etc/lib/libstdc++/LINUX64/:/usr/cad/synopsys/verdi/2020.03//share/PLI/lib/LINUX64/:/usr/cad/synopsys/verdi/2020.03//share/PLI/VCS/LINUX64/::/usr/cad/cadence/INCISIV/INCISIVE_15.20.084/tools/lib/64bit:/usr/cad/cadence/INCISIV/INCISIVE_15.20.084/tools/lib64:/usr/cad/cadence/INCISIV/INCISIVE_15.20.084/tools/lib::/opt/rh/devtoolset-11/root/usr/lib64:/opt/rh/devtoolset-11/root/usr/lib:/opt/rh/devtoolset-11/root/usr/lib64/dyninst:/opt/rh/devtoolset-11/root/usr/lib/dyninst::/opt/synopsys/verdi/2020.03/share/PLI/lib/LINUX64:/opt/synopsys/verdi/2020.03/share/PLI/IUS/LINUX64/boot:/opt/synopsys/verdi/2020.03/share/PLI/lib/LINUX64:/opt/synopsys/verdi/2020.03/share/PLI/IUS/LINUX64/boot:/lib64:/usr/lib64:/usr/local/lib64
GNOME_TERMINAL_SERVICE=:1.266
HOSTTYPE=x86_64-linux
SSH_AUTH_SOCK=/run/user/1003/keyring/ssh
SESSION_MANAGER=local/unix:@/tmp/.ICE-unix/36777,unix/unix:/tmp/.ICE-unix/36777
XRDP_PULSE_SINK_SOCKET=xrdp_chansrv_audio_out_socket_13
PULSE_SCRIPT=/etc/xrdp/pulse/default.pa
GNOME_SHELL_SESSION_MODE=classic
MAIL=/var/spool/mail/siang
PATH=/usr/cad/synopsys/verdi/cur/bin:/usr/cad/synopsys/verdi/cur/nLint/bin:/usr/cad/cadence/INNOVUS/INNOVUS_21.17.000/tools/bin/64bit:/usr/cad/cadence/INNOVUS/INNOVUS_21.17.000/tools/bin:/usr/cad/synopsys/primetime/2022.12/amd64/syn/bin:/usr/cad/synopsys/spyglass/2023.03//SPYGLASS_HOME/bin:/usr/cad/cadence/JASPER/jasper_2020.09p001/bin:/usr/cad/synopsys/vcs/2020.03//amd64/bin:/usr/cad/synopsys/synthesis/2020.09//amd64/syn/bin:/cad/synopsys/lc/cur/bin:/usr/cad/synopsys/verdi/2020.03//bin:/usr/cad/cadence/INCISIV/INCISIVE_15.20.084/tools/bin/64bit:/usr/cad/cadence/INCISIV/INCISIVE_15.20.084/tools/bin:/opt/rh/devtoolset-11/root/usr/bin:/opt/rh/devtoolset-11/root/usr/bin:/opt/rh/devtoolset-11/root/usr/bin:/opt/rh/devtoolset-11/root/usr/bin:/usr/lib64/qt-3.3/bin:/sbin:/bin:/usr/bin:/usr/local/bin:/usr/local/sbin:/usr/sbin:.:/opt/cadence/INNOVUS/cur/tools/bin:/opt/synopsys/synthesis/cur/bin:/opt/synopsys/lc/cur/bin:/opt/cadence/JASPER/cur/bin:/opt/synopsys/vcs/cur/bin:/opt/synopsys/spyglass/cur/SPYGLASS_HOME/bin:/opt/synopsys/primetime/cur/bin:/opt/synopsys/verdi/cur/bin:/opt/synopsys/CBDK_TSMC90GUTM_Arm_f1.0/CIC/Memory/sram_dp_adv/bin:/opt/synopsys/CBDK_TSMC90GUTM_Arm_f1.0/CIC/Memory/sram_sp_adv/bin:/opt/synopsys/CBDK_TSMC90GUTM_Arm_f1.0/CIC/Memory/rodsd/bin:/opt/synopsys/CBDK_TSMC40_Arm_f2.0/CIC/Memory/rom_via_rvt_hvt_rvt/r4p1/bin:/opt/synopsys/CBDK_TSMC40_Arm_f2.0/CIC/Memory/sram_sp_hsc_rvt_hvt_rvt/r10p2/bin:/opt/synopsys/CBDK_TSMC40_Arm_f2.0/CIC/Memory/sram_sp_hde_rvt_hvt_rvt/r11p2/bin:/opt/synopsys/CBDK_TSMC40_Arm_f2.0/CIC/Memory/sram_dp_hde_rvt_hvt_rvt/r5p0/bin:/opt/riscv/bin:.:/opt/cadence/INNOVUS/cur/tools/bin:/opt/synopsys/synthesis/cur/bin:/opt/synopsys/lc/cur/bin:/opt/cadence/JASPER/cur/bin:/opt/synopsys/vcs/cur/bin:/opt/synopsys/spyglass/cur/SPYGLASS_HOME/bin:/opt/synopsys/primetime/cur/bin:/opt/synopsys/verdi/cur/bin:/opt/synopsys/CBDK_TSMC90GUTM_Arm_f1.0/CIC/Memory/sram_dp_adv/bin:/opt/synopsys/CBDK_TSMC90GUTM_Arm_f1.0/CIC/Memory/sram_sp_adv/bin:/opt/synopsys/CBDK_TSMC90GUTM_Arm_f1.0/CIC/Memory/rodsd/bin:/opt/synopsys/CBDK_TSMC40_Arm_f2.0/CIC/Memory/rom_via_rvt_hvt_rvt/r4p1/bin:/opt/synopsys/CBDK_TSMC40_Arm_f2.0/CIC/Memory/sram_sp_hsc_rvt_hvt_rvt/r10p2/bin:/opt/synopsys/CBDK_TSMC40_Arm_f2.0/CIC/Memory/sram_sp_hde_rvt_hvt_rvt/r11p2/bin:/opt/synopsys/CBDK_TSMC40_Arm_f2.0/CIC/Memory/sram_dp_hde_rvt_hvt_rvt/r5p0/bin:/opt/riscv/bin:/home/local_users/siang/.local/bin:/home/local_users/siang/bin:.:/opt/cadence/INNOVUS/cur/tools/bin:/opt/synopsys/synthesis/cur/bin:/opt/synopsys/lc/cur/bin:/opt/cadence/JASPER/cur/bin:/opt/synopsys/vcs/cur/bin:/opt/synopsys/spyglass/cur/SPYGLASS_HOME/bin:/opt/synopsys/primetime/cur/bin:/opt/synopsys/verdi/cur/bin:/opt/synopsys/CBDK_TSMC90GUTM_Arm_f1.0/CIC/Memory/sram_dp_adv/bin:/opt/synopsys/CBDK_TSMC90GUTM_Arm_f1.0/CIC/Memory/sram_sp_adv/bin:/opt/synopsys/CBDK_TSMC90GUTM_Arm_f1.0/CIC/Memory/rodsd/bin:/opt/synopsys/CBDK_TSMC40_Arm_f2.0/CIC/Memory/rom_via_rvt_hvt_rvt/r4p1/bin:/opt/synopsys/CBDK_TSMC40_Arm_f2.0/CIC/Memory/sram_sp_hsc_rvt_hvt_rvt/r10p2/bin:/opt/synopsys/CBDK_TSMC40_Arm_f2.0/CIC/Memory/sram_sp_hde_rvt_hvt_rvt/r11p2/bin:/opt/synopsys/CBDK_TSMC40_Arm_f2.0/CIC/Memory/sram_dp_hde_rvt_hvt_rvt/r5p0/bin:/opt/riscv/bin:.:/opt/cadence/INNOVUS/cur/tools/bin:/opt/synopsys/synthesis/cur/bin:/opt/synopsys/lc/cur/bin:/opt/cadence/JASPER/cur/bin:/opt/synopsys/vcs/cur/bin:/opt/synopsys/spyglass/cur/SPYGLASS_HOME/bin:/opt/synopsys/primetime/cur/bin:/opt/synopsys/verdi/cur/bin:/opt/synopsys/CBDK_TSMC90GUTM_Arm_f1.0/CIC/Memory/sram_dp_adv/bin:/opt/synopsys/CBDK_TSMC90GUTM_Arm_f1.0/CIC/Memory/sram_sp_adv/bin:/opt/synopsys/CBDK_TSMC90GUTM_Arm_f1.0/CIC/Memory/rodsd/bin:/opt/synopsys/CBDK_TSMC40_Arm_f2.0/CIC/Memory/rom_via_rvt_hvt_rvt/r4p1/bin:/opt/synopsys/CBDK_TSMC40_Arm_f2.0/CIC/Memory/sram_sp_hsc_rvt_hvt_rvt/r10p2/bin:/opt/synopsys/CBDK_TSMC40_Arm_f2.0/CIC/Memory/sram_sp_hde_rvt_hvt_rvt/r11p2/bin:/opt/synopsys/CBDK_TSMC40_Arm_f2.0/CIC/Memory/sram_dp_hde_rvt_hvt_rvt/r5p0/bin:/opt/riscv/bin:/home/local_users/siang/.local/bin:/home/local_users/siang/bin:.:/opt/cadence/INNOVUS/cur/tools/bin:/opt/synopsys/synthesis/cur/bin:/opt/synopsys/lc/cur/bin:/opt/cadence/JASPER/cur/bin:/opt/synopsys/vcs/cur/bin:/opt/synopsys/spyglass/cur/SPYGLASS_HOME/bin:/opt/synopsys/primetime/cur/bin:/opt/synopsys/verdi/cur/bin:/opt/synopsys/CBDK_TSMC90GUTM_Arm_f1.0/CIC/Memory/sram_dp_adv/bin:/opt/synopsys/CBDK_TSMC90GUTM_Arm_f1.0/CIC/Memory/sram_sp_adv/bin:/opt/synopsys/CBDK_TSMC90GUTM_Arm_f1.0/CIC/Memory/rodsd/bin:/opt/synopsys/CBDK_TSMC40_Arm_f2.0/CIC/Memory/rom_via_rvt_hvt_rvt/r4p1/bin:/opt/synopsys/CBDK_TSMC40_Arm_f2.0/CIC/Memory/sram_sp_hsc_rvt_hvt_rvt/r10p2/bin:/opt/synopsys/CBDK_TSMC40_Arm_f2.0/CIC/Memory/sram_sp_hde_rvt_hvt_rvt/r11p2/bin:/opt/synopsys/CBDK_TSMC40_Arm_f2.0/CIC/Memory/sram_dp_hde_rvt_hvt_rvt/r5p0/bin:/opt/riscv/bin:.:/opt/cadence/INNOVUS/cur/tools/bin:/opt/synopsys/synthesis/cur/bin:/opt/synopsys/lc/cur/bin:/opt/cadence/JASPER/cur/bin:/opt/synopsys/vcs/cur/bin:/opt/synopsys/spyglass/cur/SPYGLASS_HOME/bin:/opt/synopsys/primetime/cur/bin:/opt/synopsys/verdi/cur/bin:/opt/synopsys/CBDK_TSMC90GUTM_Arm_f1.0/CIC/Memory/sram_dp_adv/bin:/opt/synopsys/CBDK_TSMC90GUTM_Arm_f1.0/CIC/Memory/sram_sp_adv/bin:/opt/synopsys/CBDK_TSMC90GUTM_Arm_f1.0/CIC/Memory/rodsd/bin:/opt/synopsys/CBDK_TSMC40_Arm_f2.0/CIC/Memory/rom_via_rvt_hvt_rvt/r4p1/bin:/opt/synopsys/CBDK_TSMC40_Arm_f2.0/CIC/Memory/sram_sp_hsc_rvt_hvt_rvt/r10p2/bin:/opt/synopsys/CBDK_TSMC40_Arm_f2.0/CIC/Memory/sram_sp_hde_rvt_hvt_rvt/r11p2/bin:/opt/synopsys/CBDK_TSMC40_Arm_f2.0/CIC/Memory/sram_dp_hde_rvt_hvt_rvt/r5p0/bin:/opt/riscv/bin:/home/local_users/siang/.local/bin:/home/local_users/siang/bin:.:/opt/cadence/INNOVUS/cur/tools/bin:/opt/synopsys/synthesis/cur/bin:/opt/synopsys/lc/cur/bin:/opt/cadence/JASPER/cur/bin:/opt/synopsys/vcs/cur/bin:/opt/synopsys/spyglass/cur/SPYGLASS_HOME/bin:/opt/synopsys/primetime/cur/bin:/opt/synopsys/verdi/cur/bin:/opt/synopsys/CBDK_TSMC90GUTM_Arm_f1.0/CIC/Memory/sram_dp_adv/bin:/opt/synopsys/CBDK_TSMC90GUTM_Arm_f1.0/CIC/Memory/sram_sp_adv/bin:/opt/synopsys/CBDK_TSMC90GUTM_Arm_f1.0/CIC/Memory/rodsd/bin:/opt/synopsys/CBDK_TSMC40_Arm_f2.0/CIC/Memory/rom_via_rvt_hvt_rvt/r4p1/bin:/opt/synopsys/CBDK_TSMC40_Arm_f2.0/CIC/Memory/sram_sp_hsc_rvt_hvt_rvt/r10p2/bin:/opt/synopsys/CBDK_TSMC40_Arm_f2.0/CIC/Memory/sram_sp_hde_rvt_hvt_rvt/r11p2/bin:/opt/synopsys/CBDK_TSMC40_Arm_f2.0/CIC/Memory/sram_dp_hde_rvt_hvt_rvt/r5p0/bin:/opt/riscv/bin
_=/usr/cad/cadence/INCISIV/INCISIVE_15.20.084/tools/bin/64bit/ncverilog
QT_IM_MODULE=ibus
VERDI_HOME=/usr/cad/synopsys/verdi/2020.03/
PWD=/home/local_users/siang/Desktop/IC_cont/B_ICC2018_priliminary_grad_cell_based
VCS_HOME=/usr/cad/synopsys/vcs/2020.03/
XMODIFIERS=@im=ibus
XRDP_SESSION=1
LANG=en_US.UTF-8
XRDP_PULSE_SOURCE_SOCKET=xrdp_chansrv_audio_in_socket_13
VRST_HOME=/opt/cadence/INCISIV/cur
KDEDIRS=/usr
VCS_CC=gcc
LM_LICENSE_FILE=26585@lstn:5280@lstn:
HISTCONTROL=ignoredups
SHLVL=4
HOME=/home/local_users/siang
OSTYPE=linux
GNOME_DESKTOP_SESSION_ID=this-is-deprecated
VENDOR=unknown
MACHTYPE=x86_64
LOGNAME=siang
QTLIB=/usr/lib64/qt-3.3/lib
DBUS_SESSION_BUS_ADDRESS=unix:abstract=/tmp/dbus-PnfSJOLvS8,guid=2690e21aeaa094e91d13d07569127fbe
XDG_DATA_DIRS=/home/local_users/siang/.local/share/flatpak/exports/share:/var/lib/flatpak/exports/share:/usr/local/share:/usr/share
UID=1003
PKG_CONFIG_PATH=/opt/rh/devtoolset-11/root/usr/lib64/pkgconfig:/opt/rh/devtoolset-11/root/usr/lib64/pkgconfig:/opt/rh/devtoolset-11/root/usr/lib64/pkgconfig:/opt/rh/devtoolset-11/root/usr/lib64/pkgconfig
LESSOPEN=||/usr/bin/lesspipe.sh %s
SHLIB_PATH=/usr/cad/synopsys/verdi/cur/etc/lib/libstdc++/LINUX64/:/usr/cad/synopsys/verdi/2020.03//etc/lib/libstdc++/LINUX64/:/usr/cad/synopsys/verdi/2020.03//share/PLI/lib/LINUX64/:/usr/cad/synopsys/verdi/2020.03//share/PLI/VCS/LINUX64/:
INFOPATH=/opt/rh/devtoolset-11/root/usr/share/info:/opt/rh/devtoolset-11/root/usr/share/info:/opt/rh/devtoolset-11/root/usr/share/info:/opt/rh/devtoolset-11/root/usr/share/info
DISPLAY=:13.0
XDG_RUNTIME_DIR=/run/user/1003
SYN_MAN_DIR=/usr/cad/synopsys/vcs/2020.03//doc/man
QT_PLUGIN_PATH=/usr/lib64/kde4/plugins:/usr/lib/kde4/plugins
XDG_CURRENT_DESKTOP=GNOME
COLORTERM=truecolor
_IRUNROOT_=/usr/cad/cadence/INCISIV/INCISIVE_15.20.084/tools
CDS_ARCH=lnx86
NCRUNMODE=ncverilog:./INCA_libs/irun.lnx8664.15.20.nc
IRUNBATCH=FALSE
IMPERAS_PORT_FILE=.vsp_ovp_gdb_port
TCL_LIBRARY=/usr/cad/cadence/INCISIV/INCISIVE_15.20.084/tools/inca/files/tcl/library
Runtime command line arguments:
argv[0]=ncverilog
argv[1]=tb.v
argv[2]=huffman.v
argv[3]=-sv
argv[4]=+define+tb1
argv[5]=+access+wrc
99 profile - 100
          CPU/Mem usage: 0.050 sys,  0.030 user,  205.60M sys,  0.00M vm
100 VC callback profile - scalar:0 vector:0
101 Sun Nov 16 23:10:26 2025
102 pliAppInit
103 FSDB_GATE is disabled.
104 Enable Parallel Dumping.
105 pliAppMiscSet: New Sim Round
106 pliEntryInit
107 LIBSSCORE=found /usr/cad/synopsys/verdi/cur/share/PLI/IUS/LINUX64/libsscore_ius152.so through $LD_LIBRARY_PATH setting.
108 argv[0]: huffman.fsdb
109 argv[0]: 0
110 argv[1]: (handle)0x49c9c18 tb
111 argv[2]: +mda
112 FSDB Dumper for IUS, Release Verdi_Q-2020.03, Linux x86_64/64bit, 02/09/2020
113 (C) 1996 - 2020 by Synopsys, Inc.
114 sps_call_fsdbDumpfile at 0 : /home/local_users/siang/Desktop/IC_cont/B_ICC2018_priliminary_grad_cell_based/tb.v(66)
115 argv[0]: huffman.fsdb
116 *Verdi* FSDB WARNING: The FSDB file already exists. Overwriting the FSDB file may crash the programs that are using this file.
117 *Verdi* : Create FSDB file 'huffman.fsdb'
118 sps_call_fsdbDumpvars at 0 : /home/local_users/siang/Desktop/IC_cont/B_ICC2018_priliminary_grad_cell_based/tb.v(67)
119 argv[0]: 0
120 argv[1]: (handle)0x49c9c18 tb
121 argv[2]: +mda
122 *Verdi* : Begin traversing the scope (tb), layer (0).
123 *Verdi* : Enable +mda dumping.
124 *Verdi* : End of traversing.
125 fsdbDumpvars traverse var: profile - 
          CPU/Mem usage: 0.060 sys,  0.040 user,  306.12M sys,  0.00M vm
                   incr: 0.000 sys,  0.010 user,  8.93M sys,  0.00M vm
                   accu: 0.000 sys,  0.010 user,  8.93M sys,  0.00M vm
              accu incr: 0.000 sys,  0.010 user,  8.93M sys,  0.00M vm

          Count usage: 209 var,  191 idcode,  191 callback
                 incr: 209 var,  191 idcode,  191 callback
                 accu: 209 var,  191 idcode,  191 callback
            accu incr: 209 var,  191 idcode,  191 callback
126 VC callback profile - scalar:0 vector:0
127 Sun Nov 16 23:10:26 2025
128 fsdbDumpvars: profile - 
          CPU/Mem usage: 0.060 sys,  0.040 user,  307.18M sys,  0.00M vm
                   incr: 0.000 sys,  0.000 user,  1.05M sys,  0.00M vm
                   accu: 0.000 sys,  0.010 user,  9.98M sys,  0.00M vm
              accu incr: 0.000 sys,  0.000 user,  1.05M sys,  0.00M vm

          Count usage: 209 var,  191 idcode,  191 callback
                 incr: 0 var,  0 idcode,  0 callback
                 accu: 209 var,  191 idcode,  191 callback
            accu incr: 0 var,  0 idcode,  0 callback
129 VC callback profile - scalar:15 vector:176
130 Sun Nov 16 23:10:26 2025
131 End of simulation at 143000
132 VC callback profile - scalar:618 vector:1263
133 Sun Nov 16 23:10:26 2025
134 Begin FSDB profile info:
135 FSDB Writer : bc1(618) bcn(1263) mtf/stf(0/0)
FSDB Writer elapsed time : flush(0.002234) io wait(0.000000) theadpool wait(0.000000)
FSDB Writer cpu time : MT Compression : 0
136 End FSDB profile info
137 Parallel profile    -  Flush:3 Expand:0 ProduceWait:0 ConsumerWait:0 BlockUsed:1
138                        ProduceTime:0.118493932 ConsumerTime:0.000000000 Buffer:64MB
139 SimExit
140 Sim process exit
